timeout 5
default 0

title Boot from HDD-1
chainloader (hd0,0)+1
rootnoverify(hd0,0)

title Xubuntu
map --heads=0 --sectors-per-track=0 /Images/xubuntu-22.04.4-desktop-amd64.iso (hd32)
map --hook
root (hd32)
kernel=/casper/vmlinuz iso-scan/filename=/Images/xubuntu-22.04.4-desktop-amd64.iso
initrd=/casper/initrd

title Krd
map --heads=0 --sectors-per-track=0 /Images/krd.iso (hd32)
map --hook
root (hd32)
kernel=/boot/iso-scan/filename=/Images/krd.iso
initrd=/boot/grub/initrd

title Windows_7_10PE
map --mem /Images/Windows_7_10PE_x86x64(EFI)_Universal_11.02.2017_by_Xemom1.iso (hd32)
map --hook
chainloader (hd32)

title Acronic all 11
map --mem /Images/Acronis_all_11.iso (hd32)
map --hook
chainloader (hd32)

title Windows 10x64 LTSC
map --mem /Images/win10x64ltsc.iso (hd32)
map --hook
chainloader (hd32)


title memtest501
map --mem /Images/memtest501.iso (hd32)
map --hook
chainloader (hd32)

title vcr35r
map --mem /Images/vcr35r.iso (hd32)
map --hook
chainloader (hd32)


title bartpe_mini
map --mem /Images/bartpe_mini.iso (hd32)
map --hook
chainloader (hd32)

title Start Windows XP from Hdd 0 Part 0
root (hd0,0)
rootnoverify (hd0)
root (hd0,0)
chainloader (hd0,0)/ntldr

title Start Vista Load bootmgr From HD-0 Part-0
root (hd0,0)
chainloader (hd0,0)/bootmgr

title boot from cd-rom
cdrom --init
map --hook
chainloader (cd0)

title commandline
savedefault --wait=2
commandline

title Reboot
reboot

title ShutDown PC
halt
title Xubuntu
map --heads=0 --sectors-per-track=0 /Images/xubuntu-22.04.4-desktop-amd64.iso (hd32)
map --hook
root (hd32)
kernel=/casper/vmlinuz iso-scan/filename=/Images/xubuntu-22.04.4-desktop-amd64.iso
initrd=/casper/initrd
